{
	"items": [
		{
			"id": "subItem1Itemphone",
			"label": "phone"
		},
		{
			"id": "subItem1Itemphone",
			"label": "phone"
		},
		{
			"id": "subItem1Itemphone",
			"label": "phone"
		}
	]
}